// Jest Snapshot v1, https://jestjs.io/docs/snapshot-testing

exports[`SwapAndBridge Controller should toJSON() 1`] = `
{
  "activeRoutes": [],
  "activeRoutesInProgress": [],
  "addToTokenByAddress": [Function],
  "banners": [],
  "emittedErrors": [
    {
      "error": [Error: Fetching the receive token price for 0xcbB7C0000aB88B473b1f5aFd9ef808440eed33Bf on chainId 8453 timed out.],
      "level": "silent",
      "message": "Unable to fetch the receive token price for 0xcbB7C0000aB88B473b1f5aFd9ef808440eed33Bf on chainId 8453.",
    },
  ],
  "errors": [],
  "formStatus": "empty",
  "fromAmount": "",
  "fromAmountFieldMode": "token",
  "fromAmountInFiat": "",
  "fromAmountUpdateCounter": 0,
  "fromChainId": 1,
  "fromSelectedToken": null,
  "hasProceeded": false,
  "id": "5a81df62-b406-4653-b87d-a1d69dbad16e",
  "isFormEmpty": true,
  "isHealthy": null,
  "isTokenListLoading": false,
  "maxFromAmount": "0",
  "name": "SwapAndBridgeController",
  "portfolioTokenList": [],
  "quote": null,
  "quoteRoutesStatuses": {},
  "routePriority": "output",
  "sessionIds": [],
  "shouldEnableRoutesSelection": false,
  "signAccountOpController": null,
  "statuses": {
    "addToTokenByAddress": "INITIAL",
  },
  "supportedChainIds": [
    1n,
    137n,
    10n,
    43114n,
    42161n,
    8453n,
    534352n,
    56n,
    5000n,
  ],
  "swapSignErrors": [],
  "switchTokensStatus": "INITIAL",
  "toChainId": 1,
  "toSelectedToken": null,
  "toTokenSearchResults": [],
  "toTokenSearchTerm": "",
  "toTokenShortList": [],
  "updateQuoteStatus": "INITIAL",
  "updateToTokenListStatus": "INITIAL",
  "validateFromAmount": {
    "message": "",
    "severity": "error",
  },
}
`;
