// Jest Snapshot v1, https://jestjs.io/docs/snapshot-testing

exports[`RequestsController  should toJSON() 1`] = `
{
  "banners": [],
  "currentUserRequest": null,
  "emittedErrors": [],
  "id": "7aba22d5-0509-47c4-b80d-11bd01d65b38",
  "initialLoadPromise": undefined,
  "name": "RequestsController",
  "requestWindow": {
    "loaded": false,
    "pendingMessage": null,
    "windowProps": null,
  },
  "shouldSimulateAccountOps": false,
  "statuses": {
    "buildSwapAndBridgeUserRequest": "INITIAL",
  },
  "userRequests": [],
  "userRequestsWaitingAccountSwitch": [],
  "visibleUserRequests": [],
}
`;
